OPENER ('<')
CF_TAG_NAME ('cffunction')
WHITE_SPACE (' ')
ATTRIBUTE ('displayname')
WHITE_SPACE (' ')
ASSIGN ('=')
WHITE_SPACE (' ')
DOUBLE_QUOTE ('"')
STRING_TEXT ('name')
DOUBLE_QUOTE_CLOSER ('"')
WHITE_SPACE (' ')
ATTRIBUTE ('returntype')
WHITE_SPACE (' ')
ASSIGN ('=')
WHITE_SPACE (' ')
DOUBLE_QUOTE ('"')
STRING_TEXT ('integer')
DOUBLE_QUOTE_CLOSER ('"')
WHITE_SPACE (' ')
ATTRIBUTE ('returnformat')
WHITE_SPACE (' ')
ASSIGN ('=')
WHITE_SPACE (' ')
DOUBLE_QUOTE ('"')
STRING_TEXT ('integer')
DOUBLE_QUOTE_CLOSER ('"')
R_ANGLEBRACKET ('>')
WHITE_SPACE ('\n')
LSLASH_ANGLEBRACKET ('</')
CF_TAG_NAME ('cffunction')
CLOSER ('>')