OPENER ('<')
CF_TAG_NAME ('cfimport')
WHITE_SPACE (' ')
ATTRIBUTE ('prefix')
ASSIGN ('=')
DOUBLE_QUOTE ('"')
STRING_TEXT ('cftags')
DOUBLE_QUOTE_CLOSER ('"')
WHITE_SPACE (' ')
ATTRIBUTE ('taglib')
ASSIGN ('=')
DOUBLE_QUOTE ('"')
STRING_TEXT ('pack202s/insidePack/doubleInside')
DOUBLE_QUOTE_CLOSER ('"')
CLOSER ('>')
WHITE_SPACE ('\n')
OPENER ('<')
CF_TAG_NAME ('cftags:date')
R_ANGLEBRACKET ('>')