OPENER ('<')
CF_TAG_NAME ('cffunction')
WHITE_SPACE (' ')
ATTRIBUTE ('name')
ASSIGN ('=')
DOUBLE_QUOTE ('"')
STRING_TEXT ('buildDocument')
DOUBLE_QUOTE_CLOSER ('"')
WHITE_SPACE (' ')
ATTRIBUTE ('colddoc:abstract')
ASSIGN ('=')
DOUBLE_QUOTE ('"')
STRING_TEXT ('true')
DOUBLE_QUOTE_CLOSER ('"')
WHITE_SPACE (' ')
R_ANGLEBRACKET ('>')
WHITE_SPACE ('\n')
LSLASH_ANGLEBRACKET ('</')
CF_TAG_NAME ('cffunction')
CLOSER ('>')