OPENER ('<')
CF_TAG_NAME ('cfscript')
R_ANGLEBRACKET ('>')
WHITE_SPACE ('\n	')
VAR_KEYWORD ('var')
WHITE_SPACE (' ')
IDENTIFIER ('a')
WHITE_SPACE (' ')
ASSIGN ('=')
WHITE_SPACE (' ')
DOUBLE_QUOTE ('"')
STRING_TEXT ('a')
OPENSHARP ('#')
IDENTIFIER ('a')
DOUBLE_QUOTE ('"')
STRING_TEXT ('a')
DOUBLE_QUOTE_CLOSER ('"')
IDENTIFIER ('a')
CLOSESHARP ('#')
STRING_TEXT ('a')
DOUBLE_QUOTE_CLOSER ('"')
WHITE_SPACE ('\n	')
VAR_KEYWORD ('var')
WHITE_SPACE (' ')
IDENTIFIER ('b')
WHITE_SPACE (' ')
ASSIGN ('=')
WHITE_SPACE (' ')
SINGLE_QUOTE (''')
STRING_TEXT ('a')
OPENSHARP ('#')
IDENTIFIER ('a')
SINGLE_QUOTE (''')
STRING_TEXT ('a')
SINGLE_QUOTE_CLOSER (''')
IDENTIFIER ('a')
CLOSESHARP ('#')
STRING_TEXT ('a')
SINGLE_QUOTE_CLOSER (''')
WHITE_SPACE ('\n')
LSLASH_ANGLEBRACKET ('</')
CF_TAG_NAME ('cfscript')
CLOSER ('>')