CFML_TEMPLATE_TEXT ('<head>\n<link rel="stylesheet" type="text/css" media="print"      href="/jira/styles/combined-printable.css"/>\n</head>\n')
OPENER ('<')
CF_TAG_NAME ('cfoutput')
R_ANGLEBRACKET ('>')
CFML_TEMPLATE_TEXT ('bla-bla-bla')
LSLASH_ANGLEBRACKET ('</')
CF_TAG_NAME ('cfoutput')
CLOSER ('>')
CFML_TEMPLATE_TEXT ('\n<div> aaa </div>')