OPENER ('<')
CF_TAG_NAME ('cfscript')
R_ANGLEBRACKET ('>')
WHITE_SPACE ('\n  ')
VAR_KEYWORD ('var')
WHITE_SPACE (' ')
IDENTIFIER ('a')
SEMICOLON (';')
WHITE_SPACE ('\n  ')
VAR_KEYWORD ('Var')
WHITE_SPACE (' ')
IDENTIFIER ('a')
SEMICOLON (';')
WHITE_SPACE ('\n')
LSLASH_ANGLEBRACKET ('</')
CF_TAG_NAME ('cfscript')
CLOSER ('>')