<cfscript>
    function foo(x, y,
                 z,
                 t) {

    }
    for (i = 1;
            i < 10;
        i = i + 1) {
        writeOutput(listGetAt(myList, i) & "<br>");
        writeOutput("s");
    }
    a = v +
        123 + 1234
        + vb
        + x;
    a = (b == 4) ?
         1234
         : 1223123;
</cfscript>
