CfmlFile:newComponentSyntax11.cfml
  COMPONENT_DEFINITION
    PsiElement(COMPONENT_KEYWORD)('component')
    PsiElement(L_CURLYBRACKET)('{')
    FunctionDefinition
      PsiElement(PUBLIC_KEYWORD)('public')
      TYPE
        PsiElement(STRUCT_TYPE)('struct')
      PsiElement(FUNCTION_KEYWORD)('function')
      PsiElement(IDENTIFIER)('getWebpage')
      ParametersList
        PsiElement(L_BRACKET)('(')
        PsiElement(R_BRACKET)(')')
      FUNCTIONBODY
        BLOCK_OF_STATEMENTS
          PsiElement(L_CURLYBRACKET)('{')
          Assignment
            PsiElement(VAR_KEYWORD)('var')
            ReferenceExpression
              PsiElement(IDENTIFIER)('httpresult')
            PsiElement(ASSIGN)('=')
            StringLiteral
              PsiElement(DOUBLE_QUOTE)('"')
              PsiElement(DOUBLE_QUOTE_CLOSER)('"')
          PsiElement(SEMICOLON)(';')
          FunctionCallExpression
            ReferenceExpression
              PsiElement(IDENTIFIER)('cfhttp')
            ArgumentList
              PsiElement(L_BRACKET)('(')
              Assignment
                Argument url
                  PsiElement(IDENTIFIER)('url')
                PsiElement(ASSIGN)('=')
                StringLiteral
                  PsiElement(SINGLE_QUOTE)(''')
                  PsiElement(STRING_TEXT)('http://www.somewebpagedomain.com')
                  PsiElement(SINGLE_QUOTE_CLOSER)(''')
              PsiElement(COMMA)(',')
              Assignment
                Argument method
                  PsiElement(IDENTIFIER)('method')
                PsiElement(ASSIGN)('=')
                StringLiteral
                  PsiElement(DOUBLE_QUOTE)('"')
                  PsiElement(STRING_TEXT)('GET')
                  PsiElement(DOUBLE_QUOTE_CLOSER)('"')
              PsiElement(COMMA)(',')
              Assignment
                Argument resolveurl
                  PsiElement(IDENTIFIER)('resolveurl')
                PsiElement(ASSIGN)('=')
                StringLiteral
                  PsiElement(DOUBLE_QUOTE)('"')
                  PsiElement(STRING_TEXT)('true')
                  PsiElement(DOUBLE_QUOTE_CLOSER)('"')
              PsiElement(COMMA)(',')
              Assignment
                Argument result
                  PsiElement(IDENTIFIER)('result')
                PsiElement(ASSIGN)('=')
                StringLiteral
                  PsiElement(DOUBLE_QUOTE)('"')
                  PsiElement(STRING_TEXT)('httpresult')
                  PsiElement(DOUBLE_QUOTE_CLOSER)('"')
              PsiElement(R_BRACKET)(')')
          BLOCK_OF_STATEMENTS
            PsiElement(L_CURLYBRACKET)('{')
            FunctionCallExpression
              ReferenceExpression
                PsiElement(IDENTIFIER)('cfhttpparam')
              ArgumentList
                PsiElement(L_BRACKET)('(')
                Assignment
                  Argument type
                    PsiElement(IDENTIFIER)('type')
                  PsiElement(ASSIGN)('=')
                  StringLiteral
                    PsiElement(DOUBLE_QUOTE)('"')
                    PsiElement(STRING_TEXT)('header')
                    PsiElement(DOUBLE_QUOTE_CLOSER)('"')
                PsiElement(COMMA)(',')
                Assignment
                  Argument name
                    PsiElement(IDENTIFIER)('name')
                  PsiElement(ASSIGN)('=')
                  StringLiteral
                    PsiElement(DOUBLE_QUOTE)('"')
                    PsiElement(STRING_TEXT)('Accept-Language')
                    PsiElement(DOUBLE_QUOTE_CLOSER)('"')
                PsiElement(COMMA)(',')
                Assignment
                  Argument value
                    PsiElement(IDENTIFIER)('value')
                  PsiElement(ASSIGN)('=')
                  StringLiteral
                    PsiElement(DOUBLE_QUOTE)('"')
                    PsiElement(STRING_TEXT)('en_US')
                    PsiElement(DOUBLE_QUOTE_CLOSER)('"')
                PsiElement(R_BRACKET)(')')
            PsiElement(SEMICOLON)(';')
            FunctionCallExpression
              ReferenceExpression
                PsiElement(IDENTIFIER)('cfhttpparam')
              ArgumentList
                PsiElement(L_BRACKET)('(')
                Assignment
                  Argument type
                    PsiElement(IDENTIFIER)('type')
                  PsiElement(ASSIGN)('=')
                  StringLiteral
                    PsiElement(DOUBLE_QUOTE)('"')
                    PsiElement(STRING_TEXT)('formField')
                    PsiElement(DOUBLE_QUOTE_CLOSER)('"')
                PsiElement(COMMA)(',')
                Assignment
                  Argument name
                    PsiElement(IDENTIFIER)('name')
                  PsiElement(ASSIGN)('=')
                  StringLiteral
                    PsiElement(DOUBLE_QUOTE)('"')
                    PsiElement(STRING_TEXT)('accountid')
                    PsiElement(DOUBLE_QUOTE_CLOSER)('"')
                PsiElement(COMMA)(',')
                Assignment
                  Argument value
                    PsiElement(IDENTIFIER)('value')
                  PsiElement(ASSIGN)('=')
                  IntegerLiteral
                    PsiElement(INTEGER)('100')
                PsiElement(R_BRACKET)(')')
            PsiElement(SEMICOLON)(';')
            PsiElement(R_CURLYBRACKET)('}')
          PsiElement(RETURN_KEYWORD)('return')
          ReferenceExpression
            PsiElement(IDENTIFIER)('httpresult')
          PsiElement(SEMICOLON)(';')
          PsiElement(R_CURLYBRACKET)('}')
    FunctionDefinition
      PsiElement(PUBLIC_KEYWORD)('public')
      TYPE
        PsiElement(VOID_TYPE)('void')
      PsiElement(FUNCTION_KEYWORD)('function')
      PsiElement(IDENTIFIER)('sendSomeEmail')
      ParametersList
        PsiElement(L_BRACKET)('(')
        PsiElement(R_BRACKET)(')')
      FUNCTIONBODY
        BLOCK_OF_STATEMENTS
          PsiElement(L_CURLYBRACKET)('{')
          Assignment
            PsiElement(VAR_KEYWORD)('var')
            ReferenceExpression
              PsiElement(IDENTIFIER)('body')
            PsiElement(ASSIGN)('=')
            StringLiteral
              PsiElement(DOUBLE_QUOTE)('"')
              PsiElement(STRING_TEXT)('this is<br />an email body')
              PsiElement(DOUBLE_QUOTE_CLOSER)('"')
          PsiElement(SEMICOLON)(';')
          FunctionCallExpression
            ReferenceExpression
              PsiElement(IDENTIFIER)('cfmail')
            ArgumentList
              PsiElement(L_BRACKET)('(')
              Assignment
                Argument to
                  PsiElement(IDENTIFIER)('to')
                PsiElement(ASSIGN)('=')
                StringLiteral
                  PsiElement(DOUBLE_QUOTE)('"')
                  PsiElement(STRING_TEXT)('someone@someone.com')
                  PsiElement(DOUBLE_QUOTE_CLOSER)('"')
              PsiElement(COMMA)(',')
              Assignment
                Argument from
                  PsiElement(IDENTIFIER)('from')
                PsiElement(ASSIGN)('=')
                StringLiteral
                  PsiElement(DOUBLE_QUOTE)('"')
                  PsiElement(STRING_TEXT)('another@someone.com')
                  PsiElement(DOUBLE_QUOTE_CLOSER)('"')
              PsiElement(COMMA)(',')
              Assignment
                Argument subject
                  PsiElement(IDENTIFIER)('subject')
                PsiElement(ASSIGN)('=')
                StringLiteral
                  PsiElement(DOUBLE_QUOTE)('"')
                  PsiElement(STRING_TEXT)('this is the subject')
                  PsiElement(DOUBLE_QUOTE_CLOSER)('"')
              PsiElement(COMMA)(',')
              Assignment
                Argument type
                  PsiElement(IDENTIFIER)('type')
                PsiElement(ASSIGN)('=')
                StringLiteral
                  PsiElement(DOUBLE_QUOTE)('"')
                  PsiElement(STRING_TEXT)('html')
                  PsiElement(DOUBLE_QUOTE_CLOSER)('"')
              PsiElement(R_BRACKET)(')')
          BLOCK_OF_STATEMENTS
            PsiElement(L_CURLYBRACKET)('{')
            FunctionCallExpression
              ReferenceExpression
                PsiElement(IDENTIFIER)('WriteOutput')
              ArgumentList
                PsiElement(L_BRACKET)('(')
                Argument body
                  PsiElement(IDENTIFIER)('body')
                PsiElement(R_BRACKET)(')')
            PsiElement(SEMICOLON)(';')
            PsiElement(R_CURLYBRACKET)('}')
          PsiElement(R_CURLYBRACKET)('}')
    PsiElement(R_CURLYBRACKET)('}')