CfmlFile:newFunctionSyntax2.cfml
  Tag
    PsiElement(OPENER)('<')
    PsiElement(CF_TAG_NAME)('cfscript')
    PsiElement(R_ANGLEBRACKET)('>')
    FunctionDefinition
      TYPE
        PsiElement(STRING_TYPE)('string')
      PsiElement(FUNCTION_KEYWORD)('function')
      PsiElement(IDENTIFIER)('functionName')
      ParametersList
        PsiElement(L_BRACKET)('(')
        PsiElement(R_BRACKET)(')')
      FUNCTIONBODY
        BLOCK_OF_STATEMENTS
          PsiElement(L_CURLYBRACKET)('{')
          PsiElement(R_CURLYBRACKET)('}')
    FunctionDefinition
      PsiElement(PUBLIC_KEYWORD)('public')
      TYPE
        PsiElement(STRING_TYPE)('string')
      PsiElement(FUNCTION_KEYWORD)('function')
      PsiElement(IDENTIFIER)('functionName1')
      ParametersList
        PsiElement(L_BRACKET)('(')
        PsiElement(R_BRACKET)(')')
      FUNCTIONBODY
        BLOCK_OF_STATEMENTS
          PsiElement(L_CURLYBRACKET)('{')
          PsiElement(R_CURLYBRACKET)('}')
    PsiElement(LSLASH_ANGLEBRACKET)('</')
    PsiElement(CF_TAG_NAME)('cfscript')
    PsiElement(CLOSER)('>')