resources:
  resource:
    PeeringRoute (string)
    type: Type (string)
      value: AWS::EC2::Route (string)
    properties: Properties (string)
      property:
        - name: DestinationCidrBlock (string)
        - value: SomeCidr (string)
      property:
        - name: RouteTableId (string)
        - value: Someroutetable (string)
      property:
        - name: VpcPeeringConnectionId (string)
        - value: XXX (string)
