No problems
CfnRootNode{
  resourcesNode=<null>
  outputsNode=CfnOutputsNode{
    properties=[
      Pair{
        first=CfnScalarValueNode{
          value=A
        }
        second=CfnObjectValueNode{
          properties=[
            Pair{
              first=CfnScalarValueNode{
                value=Value
              }
              second=CfnFunctionNode{
                name=CfnScalarValueNode{
                  value=If
                }
                args=[
                  CfnScalarValueNode{
                    value=CreateProdResources
                  },
                  CfnScalarValueNode{
                    value=c1.xlarge
                  },
                  CfnFunctionNode{
                    name=CfnScalarValueNode{
                      value=If
                    }
                    args=[
                      CfnScalarValueNode{
                        value=CreateDevResources
                      },
                      CfnScalarValueNode{
                        value=m1.large
                      },
                      CfnScalarValueNode{
                        value=m1.small
                      }
                    ]
                  }
                ]
              }
            }
          ]
        }
      }
    ]
    name=CfnScalarValueNode{
      value=Outputs
    }
  }
  mappingsNode=<null>
}
