
CfnRootNode{
  conditionsNode=<null>
  globalsNode=<null>
  mappingsNode=<null>
  metadataNode=<null>
  outputsNode=CfnOutputsNode{
    properties=[
      CfnOutputNode{
        value=CfnObjectValueNode{
          properties=[
            CfnNameValueNode{
              value=CfnScalarValueNode{
                value=EC2 public IP
              }
              name=CfnScalarValueNode{
                value=Description
              }
            },
            CfnNameValueNode{
              value=CfnFunctionNode{
                args=[
                  CfnScalarValueNode{
                    value=WebServer.PublicIp
                  }
                ]
                name=CfnScalarValueNode{
                  value=GetAtt
                }
              }
              name=CfnScalarValueNode{
                value=Value
              }
            }
          ]
        }
        name=CfnScalarValueNode{
          value=A
        }
      },
      CfnOutputNode{
        value=CfnObjectValueNode{
          properties=[
            CfnNameValueNode{
              value=CfnScalarValueNode{
                value=EC2 public IP
              }
              name=CfnScalarValueNode{
                value=Description
              }
            },
            CfnNameValueNode{
              value=CfnFunctionNode{
                args=[
                  CfnFunctionNode{
                    args=[
                      CfnScalarValueNode{
                        value=string
                      }
                    ]
                    name=CfnScalarValueNode{
                      value=Fn::Sub
                    }
                  }
                ]
                name=CfnScalarValueNode{
                  value=Base64
                }
              }
              name=CfnScalarValueNode{
                value=Value
              }
            }
          ]
        }
        name=CfnScalarValueNode{
          value=B
        }
      },
      CfnOutputNode{
        value=CfnObjectValueNode{
          properties=[
            CfnNameValueNode{
              value=CfnScalarValueNode{
                value=EC2 public IP
              }
              name=CfnScalarValueNode{
                value=Description
              }
            },
            CfnNameValueNode{
              value=CfnFunctionNode{
                args=[
                  CfnFunctionNode{
                    args=[
                      CfnScalarValueNode{
                        value=string
                      }
                    ]
                    name=CfnScalarValueNode{
                      value=Sub
                    }
                  }
                ]
                name=CfnScalarValueNode{
                  value=Fn::Base64
                }
              }
              name=CfnScalarValueNode{
                value=Value
              }
            }
          ]
        }
        name=CfnScalarValueNode{
          value=C
        }
      },
      CfnOutputNode{
        value=CfnObjectValueNode{
          properties=[
            CfnNameValueNode{
              value=CfnScalarValueNode{
                value=WordPress Website
              }
              name=CfnScalarValueNode{
                value=Description
              }
            },
            CfnNameValueNode{
              value=CfnFunctionNode{
                args=[
                  CfnScalarValueNode{
                    value=http://${WebServer.PublicDnsName}/wordpress
                  }
                ]
                name=CfnScalarValueNode{
                  value=Sub
                }
              }
              name=CfnScalarValueNode{
                value=Value
              }
            }
          ]
        }
        name=CfnScalarValueNode{
          value=D
        }
      }
    ]
    name=CfnScalarValueNode{
      value=Outputs
    }
  }
  parametersNode=<null>
  resourcesNode=CfnResourcesNode{
    resources=[
      CfnResourceNode{
        condition=<null>
        dependsOn=<null>
        properties=<null>
        type=CfnResourceTypeNode{
          value=CfnScalarValueNode{
            value=AWS::EC2::Instance
          }
          name=CfnScalarValueNode{
            value=Type
          }
        }
        name=CfnScalarValueNode{
          value=WebServer
        }
      }
    ]
    name=CfnScalarValueNode{
      value=Resources
    }
  }
  transformNode=<null>
}
