
CfnRootNode{
  metadataNode=<null>
  transformNode=<null>
  parametersNode=<null>
  mappingsNode=CfnMappingsNode{
    mappings=[
      CfnFirstLevelMappingNode{
        firstLevelMapping=[
          CfnSecondLevelMappingNode{
            secondLevelMapping=[
              CfnMappingValue{
                value=CfnScalarValueNode{
                  value=ami-6411e20d
                }
                name=CfnScalarValueNode{
                  value=32
                }
              },
              CfnMappingValue{
                value=CfnScalarValueNode{
                  value=ami-7a11e213
                }
                name=CfnScalarValueNode{
                  value=64
                }
              }
            ]
            name=CfnScalarValueNode{
              value=us-east-1
            }
          },
          CfnSecondLevelMappingNode{
            secondLevelMapping=[
              CfnMappingValue{
                value=CfnScalarValueNode{
                  value=ami-c9c7978c
                }
                name=CfnScalarValueNode{
                  value=32
                }
              },
              CfnMappingValue{
                value=CfnArrayValueNode{
                  items=[
                    CfnScalarValueNode{
                      value=1
                    },
                    CfnScalarValueNode{
                      value=2
                    }
                  ]
                }
                name=CfnScalarValueNode{
                  value=64
                }
              }
            ]
            name=CfnScalarValueNode{
              value=us-west-1
            }
          }
        ]
        name=CfnScalarValueNode{
          value=RegionMap
        }
      }
    ]
    name=CfnScalarValueNode{
      value=Mappings
    }
  }
  conditionsNode=<null>
  resourcesNode=<null>
  outputsNode=<null>
}
