
CfnRootNode{
  metadataNode=<null>
  transformNode=<null>
  parametersNode=<null>
  mappingsNode=<null>
  conditionsNode=<null>
  resourcesNode=CfnResourcesNode{
    resources=[
      CfnResourceNode{
        type=CfnResourceTypeNode{
          value=CfnScalarValueNode{
            value=AWS::EC2::Subnet
          }
          name=CfnScalarValueNode{
            value=Type
          }
        }
        properties=CfnResourcePropertiesNode{
          properties=[
            CfnResourcePropertyNode{
              value=CfnFunctionNode{
                name=CfnScalarValueNode{
                  value=Select
                }
                args=[
                  CfnScalarValueNode{
                    value=0
                  },
                  CfnFunctionNode{
                    name=CfnScalarValueNode{
                      value=GetAZs
                    }
                    args=[
                      CfnFunctionNode{
                        name=CfnScalarValueNode{
                          value=Ref
                        }
                        args=[
                          CfnScalarValueNode{
                            value=AWS::Region
                          }
                        ]
                      }
                    ]
                  }
                ]
              }
              name=CfnScalarValueNode{
                value=AvailabilityZone
              }
            }
          ]
          name=CfnScalarValueNode{
            value=Properties
          }
        }
        condition=<null>
        dependsOn=<null>
        name=CfnScalarValueNode{
          value=Subnet
        }
      }
    ]
    name=CfnScalarValueNode{
      value=Resources
    }
  }
  outputsNode=<null>
}
