No problems
CfnRootNode{
  parametersNode=CfnParametersNode{
    parameters=[
      CfnParameterNode{
        properties=[
          CfnNameValueNode{
            value=CfnScalarValueNode{
              value=String
            }
            name=CfnScalarValueNode{
              value=Type
            }
          },
          CfnNameValueNode{
            value=CfnScalarValueNode{
              value=t2.micro
            }
            name=CfnScalarValueNode{
              value=Default
            }
          },
          CfnNameValueNode{
            value=CfnArrayValueNode{
              items=[
                CfnScalarValueNode{
                  value=t2.micro
                },
                CfnScalarValueNode{
                  value=m1.small
                },
                CfnScalarValueNode{
                  value=m1.large
                }
              ]
            }
            name=CfnScalarValueNode{
              value=AllowedValues
            }
          },
          CfnNameValueNode{
            value=CfnScalarValueNode{
              value=Enter t2.micro, m1.small, or m1.large. Default is t2.micro.
            }
            name=CfnScalarValueNode{
              value=Description
            }
          }
        ]
        name=CfnScalarValueNode{
          value=InstanceTypeParameter
        }
      }
    ]
    name=CfnScalarValueNode{
      value=Parameters
    }
  }
  resourcesNode=<null>
  outputsNode=<null>
  mappingsNode=<null>
}
