CfmlFile:cfloop.cfml
  FORTAGEXPRESSION
    PsiElement(OPENER)('<')
    PsiElement(CF_TAG_NAME)('cfloop')
    Attribute
      PsiElement(ATTRIBUTE)('from')
      PsiElement(ASSIGN)('=')
      PsiElement(DOUBLE_QUOTE)('"')
      AttributeValue
        PsiElement(STRING_TEXT)('1')
      PsiElement(DOUBLE_QUOTE_CLOSER)('"')
    Attribute
      PsiElement(ATTRIBUTE)('to')
      PsiElement(ASSIGN)('=')
      PsiElement(DOUBLE_QUOTE)('"')
      AttributeValue
        PsiElement(STRING_TEXT)('10')
      PsiElement(DOUBLE_QUOTE_CLOSER)('"')
    FORTAGINDEXATTRIBUTE
      PsiElement(ATTRIBUTE)('index')
      PsiElement(ASSIGN)('=')
      PsiElement(DOUBLE_QUOTE)('"')
      AttributeValue
        PsiElement(STRING_TEXT)('index')
      PsiElement(DOUBLE_QUOTE_CLOSER)('"')
    PsiElement(R_ANGLEBRACKET)('>')
    PsiElement(LSLASH_ANGLEBRACKET)('</')
    PsiElement(CF_TAG_NAME)('cfloop')
    PsiElement(CLOSER)('>')