CfmlFile:cfZip.cfml
  Tag
    PsiElement(OPENER)('<')
    PsiElement(CF_TAG_NAME)('cfzip')
    Attribute
      PsiElement(ATTRIBUTE)('file')
      PsiElement(ASSIGN)('=')
      PsiElement(DOUBLE_QUOTE)('"')
      AttributeValue
        PsiElement(STRING_TEXT)('c:\work\instr.zip')
      PsiElement(DOUBLE_QUOTE_CLOSER)('"')
    Attribute
      PsiElement(ATTRIBUTE)('action')
      PsiElement(ASSIGN)('=')
      PsiElement(DOUBLE_QUOTE)('"')
      AttributeValue
        PsiElement(STRING_TEXT)('readBinary')
      PsiElement(DOUBLE_QUOTE_CLOSER)('"')
    Attribute
      PsiElement(ATTRIBUTE)('entryPath')
      PsiElement(ASSIGN)('=')
      PsiElement(DOUBLE_QUOTE)('"')
      AttributeValue
        PsiElement(STRING_TEXT)('com/test/abc.jpg')
      PsiElement(DOUBLE_QUOTE_CLOSER)('"')
    Attribute
      PsiElement(ATTRIBUTE)('variable')
      PsiElement(ASSIGN)('=')
      PsiElement(DOUBLE_QUOTE)('"')
      AttributeValue
        PsiElement(STRING_TEXT)('xyz')
      PsiElement(DOUBLE_QUOTE_CLOSER)('"')
    PsiElement(R_ANGLEBRACKET)('>')
  Tag
    PsiElement(OPENER)('<')
    PsiElement(CF_TAG_NAME)('cfzip')
    Attribute
      PsiElement(ATTRIBUTE)('file')
      PsiElement(ASSIGN)('=')
      PsiElement(DOUBLE_QUOTE)('"')
      AttributeValue
        PsiElement(STRING_TEXT)('c:\work\copy_instr.zip')
      PsiElement(DOUBLE_QUOTE_CLOSER)('"')
    PsiElement(R_ANGLEBRACKET)('>')
    Tag
      PsiElement(OPENER)('<')
      PsiElement(CF_TAG_NAME)('cfzipparam')
      Attribute
        PsiElement(ATTRIBUTE)('entryPath')
        PsiElement(ASSIGN)('=')
        PsiElement(DOUBLE_QUOTE)('"')
        AttributeValue
          PsiElement(STRING_TEXT)('com/test/xyz.jpg')
        PsiElement(DOUBLE_QUOTE_CLOSER)('"')
      Attribute
        PsiElement(ATTRIBUTE)('content')
        PsiElement(ASSIGN)('=')
        PsiElement(DOUBLE_QUOTE)('"')
        AttributeValue
          PsiElement(START_EXPRESSION)('#')
          ReferenceExpression
            PsiElement(IDENTIFIER)('xyz')
          PsiElement(END_EXPRESSION)('#')
        PsiElement(DOUBLE_QUOTE_CLOSER)('"')
      PsiElement(CLOSER)('>')
    PsiElement(LSLASH_ANGLEBRACKET)('</')
    PsiElement(CF_TAG_NAME)('cfzip')
    PsiElement(CLOSER)('>')
