CfmlFile:closure.cfml
  Tag
    PsiElement(OPENER)('<')
    PsiElement(CF_TAG_NAME)('cfscript')
    PsiElement(R_ANGLEBRACKET)('>')
    FunctionCallExpression
      ReferenceExpression
        PsiElement(IDENTIFIER)('ArrayFindAll')
      ArgumentList
        PsiElement(L_BRACKET)('(')
        PsiElement(L_SQUAREBRACKET)('[')
        PsiElement(R_SQUAREBRACKET)(']')
        PsiElement(COMMA)(',')
        FunctionDefinition
          PsiElement(FUNCTION_KEYWORD)('function')
          ParametersList
            PsiElement(L_BRACKET)('(')
            FUNCTION_ARGUMENT
              PsiElement(IDENTIFIER)('s')
            PsiElement(R_BRACKET)(')')
          FUNCTIONBODY
            BLOCK_OF_STATEMENTS
              PsiElement(L_CURLYBRACKET)('{')
              IFEXPRESSION
                PsiElement(IF_KEYWORD)('if')
                PsiElement(L_BRACKET)('(')
                BinaryExpression
                  FunctionCallExpression
                    ReferenceExpression
                      PsiElement(IDENTIFIER)('compare')
                    ArgumentList
                      PsiElement(L_BRACKET)('(')
                      Argument s
                        PsiElement(IDENTIFIER)('s')
                      PsiElement(COMMA)(',')
                      StringLiteral
                        PsiElement(DOUBLE_QUOTE)('"')
                        PsiElement(STRING_TEXT)('string')
                        PsiElement(DOUBLE_QUOTE_CLOSER)('"')
                      PsiElement(R_BRACKET)(')')
                  PsiElement(EQEQ)('==')
                  IntegerLiteral
                    PsiElement(INTEGER)('0')
                PsiElement(R_BRACKET)(')')
                PsiElement(RETURN_KEYWORD)('return')
                BooleanLiteral
                  PsiElement(BOOLEAN)('true')
                PsiElement(SEMICOLON)(';')
              PsiElement(RETURN_KEYWORD)('return')
              BooleanLiteral
                PsiElement(BOOLEAN)('false')
              PsiElement(SEMICOLON)(';')
              PsiElement(R_CURLYBRACKET)('}')
        PsiElement(R_BRACKET)(')')
    PsiElement(SEMICOLON)(';')
    PsiElement(LSLASH_ANGLEBRACKET)('</')
    PsiElement(CF_TAG_NAME)('cfscript')
    PsiElement(CLOSER)('>')