CfmlFile:nestedSharps.cfml
  Tag
    PsiElement(OPENER)('<')
    PsiElement(CF_TAG_NAME)('cfparam')
    Attribute
      PsiElement(ATTRIBUTE)('default')
      PsiElement(ASSIGN)('=')
      PsiElement(DOUBLE_QUOTE)('"')
      AttributeValue
        PsiElement(START_EXPRESSION)('#')
        BinaryExpression
          BinaryExpression
            ReferenceExpression
              PsiElement(IDENTIFIER)('some')
            PsiElement(ADD)('+')
            StringLiteral
              PsiElement(DOUBLE_QUOTE)('"')
              PsiElement(STRING_TEXT)('str')
              PsiElement(OPENSHARP)('#')
              IntegerLiteral
                PsiElement(INTEGER)('1')
              PsiElement(CLOSESHARP)('#')
              PsiElement(DOUBLE_QUOTE_CLOSER)('"')
          PsiElement(ADD)('+')
          ReferenceExpression
            PsiElement(IDENTIFIER)('some')
        PsiElement(END_EXPRESSION)('#')
        PsiElement(STRING_TEXT)('str')
      PsiElement(DOUBLE_QUOTE_CLOSER)('"')
    PsiElement(CLOSER)('>')