CfmlFile:railoCfadminTag.cfml
  ComponentTag
    PsiElement(OPENER)('<')
    PsiElement(CF_TAG_NAME)('cfcomponent')
    PsiElement(R_ANGLEBRACKET)('>')
    Tag
      PsiElement(OPENER)('<')
      PsiElement(CF_TAG_NAME)('cffunction')
      AttributeName
        PsiElement(ATTRIBUTE)('name')
        PsiElement(ASSIGN)('=')
        PsiElement(DOUBLE_QUOTE)('"')
        AttributeValue
          PsiElement(STRING_TEXT)('updateMapping')
        PsiElement(DOUBLE_QUOTE_CLOSER)('"')
      Attribute
        PsiElement(ATTRIBUTE)('access')
        PsiElement(ASSIGN)('=')
        PsiElement(DOUBLE_QUOTE)('"')
        AttributeValue
          PsiElement(STRING_TEXT)('public')
        PsiElement(DOUBLE_QUOTE_CLOSER)('"')
      Attribute
        PsiElement(ATTRIBUTE)('output')
        PsiElement(ASSIGN)('=')
        PsiElement(DOUBLE_QUOTE)('"')
        AttributeValue
          PsiElement(STRING_TEXT)('true')
        PsiElement(DOUBLE_QUOTE_CLOSER)('"')
      Attribute
        PsiElement(ATTRIBUTE)('returntype')
        PsiElement(ASSIGN)('=')
        PsiElement(DOUBLE_QUOTE)('"')
        AttributeValue
          PsiElement(STRING_TEXT)('any')
        PsiElement(DOUBLE_QUOTE_CLOSER)('"')
      PsiElement(R_ANGLEBRACKET)('>')
      Tag
        PsiElement(OPENER)('<')
        PsiElement(CF_TAG_NAME)('cfargument')
        AttributeName
          PsiElement(ATTRIBUTE)('name')
          PsiElement(ASSIGN)('=')
          PsiElement(DOUBLE_QUOTE)('"')
          AttributeValue
            PsiElement(STRING_TEXT)('name')
          PsiElement(DOUBLE_QUOTE_CLOSER)('"')
        Attribute
          PsiElement(ATTRIBUTE)('type')
          PsiElement(ASSIGN)('=')
          PsiElement(DOUBLE_QUOTE)('"')
          AttributeValue
            PsiElement(STRING_TEXT)('string')
          PsiElement(DOUBLE_QUOTE_CLOSER)('"')
        Attribute
          PsiElement(ATTRIBUTE)('required')
          PsiElement(ASSIGN)('=')
          PsiElement(DOUBLE_QUOTE)('"')
          AttributeValue
            PsiElement(STRING_TEXT)('true')
          PsiElement(DOUBLE_QUOTE_CLOSER)('"')
        PsiElement(CLOSER)('>')
      Tag
        PsiElement(OPENER)('<')
        PsiElement(CF_TAG_NAME)('cfargument')
        AttributeName
          PsiElement(ATTRIBUTE)('name')
          PsiElement(ASSIGN)('=')
          PsiElement(DOUBLE_QUOTE)('"')
          AttributeValue
            PsiElement(STRING_TEXT)('physicalDir')
          PsiElement(DOUBLE_QUOTE_CLOSER)('"')
        Attribute
          PsiElement(ATTRIBUTE)('type')
          PsiElement(ASSIGN)('=')
          PsiElement(DOUBLE_QUOTE)('"')
          AttributeValue
            PsiElement(STRING_TEXT)('string')
          PsiElement(DOUBLE_QUOTE_CLOSER)('"')
        Attribute
          PsiElement(ATTRIBUTE)('required')
          PsiElement(ASSIGN)('=')
          PsiElement(DOUBLE_QUOTE)('"')
          AttributeValue
            PsiElement(STRING_TEXT)('true')
          PsiElement(DOUBLE_QUOTE_CLOSER)('"')
        PsiElement(CLOSER)('>')
      Tag
        PsiElement(OPENER)('<')
        PsiElement(CF_TAG_NAME)('cfadmin')
        Attribute
          PsiElement(ATTRIBUTE)('action')
          PsiElement(ASSIGN)('=')
          PsiElement(DOUBLE_QUOTE)('"')
          AttributeValue
            PsiElement(STRING_TEXT)('updateMapping')
          PsiElement(DOUBLE_QUOTE_CLOSER)('"')
        Attribute
          PsiElement(ATTRIBUTE)('type')
          PsiElement(ASSIGN)('=')
          PsiElement(DOUBLE_QUOTE)('"')
          AttributeValue
            PsiElement(STRING_TEXT)('web')
          PsiElement(DOUBLE_QUOTE_CLOSER)('"')
        Attribute
          PsiElement(ATTRIBUTE)('password')
          PsiElement(ASSIGN)('=')
          PsiElement(DOUBLE_QUOTE)('"')
          AttributeValue
            PsiElement(START_EXPRESSION)('#')
            ReferenceExpression
              ReferenceExpression
                PsiElement(SCOPE_KEYWORD)('variables')
                PsiElement(POINT)('.')
                PsiElement(IDENTIFIER)('config')
              PsiElement(POINT)('.')
              PsiElement(IDENTIFIER)('railoAdminPassword')
            PsiElement(END_EXPRESSION)('#')
          PsiElement(DOUBLE_QUOTE_CLOSER)('"')
        Attribute
          PsiElement(ATTRIBUTE)('virtual')
          PsiElement(ASSIGN)('=')
          PsiElement(DOUBLE_QUOTE)('"')
          AttributeValue
            PsiElement(STRING_TEXT)('/')
            PsiElement(START_EXPRESSION)('#')
            ReferenceExpression
              PsiElement(SCOPE_KEYWORD)('arguments')
              PsiElement(POINT)('.')
              PsiElement(IDENTIFIER)('name')
            PsiElement(END_EXPRESSION)('#')
          PsiElement(DOUBLE_QUOTE_CLOSER)('"')
        Attribute
          PsiElement(ATTRIBUTE)('physical')
          PsiElement(ASSIGN)('=')
          PsiElement(DOUBLE_QUOTE)('"')
          AttributeValue
            PsiElement(START_EXPRESSION)('#')
            ReferenceExpression
              PsiElement(SCOPE_KEYWORD)('arguments')
              PsiElement(POINT)('.')
              PsiElement(IDENTIFIER)('physicalDir')
            PsiElement(END_EXPRESSION)('#')
          PsiElement(DOUBLE_QUOTE_CLOSER)('"')
        Attribute
          PsiElement(ATTRIBUTE)('archive')
          PsiElement(ASSIGN)('=')
          PsiElement(DOUBLE_QUOTE)('"')
          PsiElement(DOUBLE_QUOTE_CLOSER)('"')
        Attribute
          PsiElement(ATTRIBUTE)('primary')
          PsiElement(ASSIGN)('=')
          BooleanLiteral
            PsiElement(BOOLEAN)('false')
        Attribute
          PsiElement(ATTRIBUTE)('trusted')
          PsiElement(ASSIGN)('=')
          BooleanLiteral
            PsiElement(BOOLEAN)('false')
        PsiElement(R_ANGLEBRACKET)('>')
      PsiElement(LSLASH_ANGLEBRACKET)('</')
      PsiElement(CF_TAG_NAME)('cffunction')
      PsiElement(CLOSER)('>')
    PsiElement(LSLASH_ANGLEBRACKET)('</')
    PsiElement(CF_TAG_NAME)('cfcomponent')
    PsiElement(CLOSER)('>')
