CfmlFile:structureInsideArrayDef.cfml
  Tag
    PsiElement(OPENER)('<')
    PsiElement(CF_TAG_NAME)('cfset')
    Assignment
      ReferenceExpression
        PsiElement(IDENTIFIER)('myArray')
      PsiElement(ASSIGN)('=')
      PsiElement(L_SQUAREBRACKET)('[')
      PsiElement(L_CURLYBRACKET)('{')
      Assignment
        ReferenceExpression
          PsiElement(IDENTIFIER)('a')
        PsiElement(ASSIGN)('=')
        StringLiteral
          PsiElement(SINGLE_QUOTE)(''')
          PsiElement(STRING_TEXT)('a')
          PsiElement(SINGLE_QUOTE_CLOSER)(''')
      PsiElement(COMMA)(',')
      Assignment
        ReferenceExpression
          PsiElement(IDENTIFIER)('b')
        PsiElement(ASSIGN)('=')
        IntegerLiteral
          PsiElement(INTEGER)('1')
      PsiElement(COMMA)(',')
      Assignment
        ReferenceExpression
          PsiElement(IDENTIFIER)('c')
        PsiElement(ASSIGN)('=')
        PsiElement(L_SQUAREBRACKET)('[')
        StringLiteral
          PsiElement(DOUBLE_QUOTE)('"')
          PsiElement(STRING_TEXT)('c1')
          PsiElement(DOUBLE_QUOTE_CLOSER)('"')
        PsiElement(COMMA)(',')
        StringLiteral
          PsiElement(DOUBLE_QUOTE)('"')
          PsiElement(STRING_TEXT)('c2')
          PsiElement(DOUBLE_QUOTE_CLOSER)('"')
        PsiElement(R_SQUAREBRACKET)(']')
      PsiElement(R_CURLYBRACKET)('}')
      PsiElement(COMMA)(',')
      PsiElement(L_CURLYBRACKET)('{')
      Assignment
        ReferenceExpression
          PsiElement(IDENTIFIER)('a')
        PsiElement(ASSIGN)('=')
        StringLiteral
          PsiElement(SINGLE_QUOTE)(''')
          PsiElement(STRING_TEXT)('a')
          PsiElement(SINGLE_QUOTE_CLOSER)(''')
      PsiElement(COMMA)(',')
      Assignment
        ReferenceExpression
          PsiElement(IDENTIFIER)('b')
        PsiElement(ASSIGN)('=')
        IntegerLiteral
          PsiElement(INTEGER)('1')
      PsiElement(COMMA)(',')
      Assignment
        ReferenceExpression
          PsiElement(IDENTIFIER)('c')
        PsiElement(ASSIGN)('=')
        PsiElement(L_SQUAREBRACKET)('[')
        StringLiteral
          PsiElement(DOUBLE_QUOTE)('"')
          PsiElement(STRING_TEXT)('c1')
          PsiElement(DOUBLE_QUOTE_CLOSER)('"')
        PsiElement(COMMA)(',')
        StringLiteral
          PsiElement(DOUBLE_QUOTE)('"')
          PsiElement(STRING_TEXT)('c2')
          PsiElement(DOUBLE_QUOTE_CLOSER)('"')
        PsiElement(R_SQUAREBRACKET)(']')
      PsiElement(R_CURLYBRACKET)('}')
      PsiElement(R_SQUAREBRACKET)(']')
    PsiElement(CLOSER)('>')