CfmlFile:defineComponentWithoutTag.cfml
  PsiComment(COMMENT)('/**\n * comment\n * comment\n */')
  COMPONENT_DEFINITION
    PsiElement(COMPONENT_KEYWORD)('component')
    PsiElement(L_CURLYBRACKET)('{')
    PROPERTY
      PsiElement(IDENTIFIER)('property')
      NamedAttribute
        PsiElement(IDENTIFIER)('name')
        PsiElement(ASSIGN)('=')
        PsiElement(DOUBLE_QUOTE)('"')
        AttributeValue
          PsiElement(STRING_TEXT)('prop1')
        PsiElement(DOUBLE_QUOTE_CLOSER)('"')
      Attribute
        PsiElement(IDENTIFIER)('type')
        PsiElement(ASSIGN)('=')
        PsiElement(DOUBLE_QUOTE)('"')
        AttributeValue
          PsiElement(STRING_TEXT)('Array')
        PsiElement(DOUBLE_QUOTE_CLOSER)('"')
    PsiElement(SEMICOLON)(';')
    PROPERTY
      PsiElement(IDENTIFIER)('property')
      TYPE
        PsiElement(STRING_TYPE)('String')
      PsiElement(IDENTIFIER)('prop2')
    PsiElement(SEMICOLON)(';')
    PROPERTY
      PsiElement(IDENTIFIER)('property')
      PsiElement(IDENTIFIER)('prop3')
      Attribute
        PsiElement(IDENTIFIER)('type')
        PsiElement(ASSIGN)('=')
        PsiElement(DOUBLE_QUOTE)('"')
        AttributeValue
          PsiElement(STRING_TEXT)('String')
        PsiElement(DOUBLE_QUOTE_CLOSER)('"')
    PsiElement(SEMICOLON)(';')
    PROPERTY
      PsiElement(IDENTIFIER)('property')
      PsiElement(IDENTIFIER)('prop4')
    PsiElement(SEMICOLON)(';')
    FunctionDefinition
      PsiElement(PUBLIC_KEYWORD)('public')
      TYPE
        PsiElement(VOID_TYPE)('void')
      PsiElement(FUNCTION_KEYWORD)('function')
      PsiElement(IDENTIFIER)('a')
      ParametersList
        PsiElement(L_BRACKET)('(')
        PsiElement(R_BRACKET)(')')
      FUNCTIONBODY
        BLOCK_OF_STATEMENTS
          PsiElement(L_CURLYBRACKET)('{')
          PsiElement(R_CURLYBRACKET)('}')
    PsiElement(R_CURLYBRACKET)('}')