CfmlFile:newFunctionSyntax4.cfml
  Tag
    PsiElement(OPENER)('<')
    PsiElement(CF_TAG_NAME)('cfscript')
    PsiElement(R_ANGLEBRACKET)('>')
    FunctionDefinition
      PsiElement(PUBLIC_KEYWORD)('public')
      TYPE
        PsiElement(VOID_TYPE)('void')
      PsiElement(FUNCTION_KEYWORD)('function')
      PsiElement(IDENTIFIER)('functionName')
      ParametersList
        PsiElement(L_BRACKET)('(')
        FUNCTION_ARGUMENT
          TYPE
            PsiElement(STRING_TYPE)('string')
          PsiElement(IDENTIFIER)('name')
          PsiElement(ASSIGN)('=')
          VALUE
            PsiElement(DOUBLE_QUOTE)('"')
            PsiElement(STRING_TEXT)('default')
            PsiElement(DOUBLE_QUOTE_CLOSER)('"')
        PsiElement(COMMA)(',')
        FUNCTION_ARGUMENT
          PsiElement(REQUIRED_KEYWORD)('required')
          PsiElement(IDENTIFIER)('type')
        PsiElement(COMMA)(',')
        FUNCTION_ARGUMENT
          PsiElement(IDENTIFIER)('value')
          PsiElement(ASSIGN)('=')
          VALUE
            PsiElement(INTEGER)('6')
        PsiElement(COMMA)(',')
        FUNCTION_ARGUMENT
          TYPE
            PsiElement(ARRAY_TYPE)('array')
          PsiElement(IDENTIFIER)('someArray')
        PsiElement(R_BRACKET)(')')
      FUNCTIONBODY
        BLOCK_OF_STATEMENTS
          PsiElement(L_CURLYBRACKET)('{')
          Assignment
            ReferenceExpression
              PsiElement(IDENTIFIER)('a')
            PsiElement(ASSIGN)('=')
            IntegerLiteral
              PsiElement(INTEGER)('5')
          PsiElement(SEMICOLON)(';')
          PsiElement(R_CURLYBRACKET)('}')
    PsiElement(LSLASH_ANGLEBRACKET)('</')
    PsiElement(CF_TAG_NAME)('cfscript')
    PsiElement(CLOSER)('>')