CfmlFile:abortAttributeInProperty.cfml
  COMPONENT_DEFINITION
    PsiElement(COMPONENT_KEYWORD)('component')
    Attribute
      PsiElement(IDENTIFIER)('accessors')
      PsiElement(ASSIGN)('=')
      PsiElement(SINGLE_QUOTE)(''')
      AttributeValue
        PsiElement(STRING_TEXT)('true')
      PsiElement(SINGLE_QUOTE_CLOSER)(''')
    PsiElement(L_CURLYBRACKET)('{')
    PROPERTY
      PsiElement(IDENTIFIER)('property')
      NamedAttribute
        PsiElement(IDENTIFIER)('name')
        PsiElement(ASSIGN)('=')
        PsiElement(DOUBLE_QUOTE)('"')
        AttributeValue
          PsiElement(STRING_TEXT)('id')
        PsiElement(DOUBLE_QUOTE_CLOSER)('"')
      Attribute
        PsiElement(ABORT_KEYWORD)('abort')
        PsiElement(ASSIGN)('=')
        PsiElement(DOUBLE_QUOTE)('"')
        AttributeValue
          PsiElement(STRING_TEXT)('true')
        PsiElement(DOUBLE_QUOTE_CLOSER)('"')
    PsiElement(SEMICOLON)(';')
    PsiElement(R_CURLYBRACKET)('}')
