CfmlFile:actionExpression.cfml
  Tag
    PsiElement(OPENER)('<')
    PsiElement(CF_TAG_NAME)('cfscript')
    PsiElement(R_ANGLEBRACKET)('>')
    FunctionDefinition
      PsiElement(FUNCTION_KEYWORD)('function')
      PsiElement(IDENTIFIER)('foo')
      ParametersList
        PsiElement(L_BRACKET)('(')
        PsiElement(R_BRACKET)(')')
      FUNCTIONBODY
        BLOCK_OF_STATEMENTS
          PsiElement(L_CURLYBRACKET)('{')
          ACTION
            PsiElement(ACTION_NAME)('lock')
            Attribute
              PsiElement(IDENTIFIER)('scope')
              PsiElement(ASSIGN)('=')
              PsiElement(DOUBLE_QUOTE)('"')
              AttributeValue
                PsiElement(STRING_TEXT)('Application')
              PsiElement(DOUBLE_QUOTE_CLOSER)('"')
            Attribute
              PsiElement(IDENTIFIER)('type')
              PsiElement(ASSIGN)('=')
              PsiElement(DOUBLE_QUOTE)('"')
              AttributeValue
                PsiElement(STRING_TEXT)('exclusive')
              PsiElement(DOUBLE_QUOTE_CLOSER)('"')
            Attribute
              PsiElement(IDENTIFIER)('timeout')
              PsiElement(ASSIGN)('=')
              PsiElement(DOUBLE_QUOTE)('"')
              AttributeValue
                PsiElement(STRING_TEXT)('10')
              PsiElement(DOUBLE_QUOTE_CLOSER)('"')
            FUNCTIONBODY
              BLOCK_OF_STATEMENTS
                PsiElement(L_CURLYBRACKET)('{')
                PsiComment(COMMENT)('//asd')
                PsiElement(R_CURLYBRACKET)('}')
          Assignment
            ReferenceExpression
              PsiElement(IDENTIFIER)('TRANSACTION')
            PsiElement(ASSIGN)('=')
            StringLiteral
              PsiElement(DOUBLE_QUOTE)('"')
              PsiElement(STRING_TEXT)('12')
              PsiElement(DOUBLE_QUOTE_CLOSER)('"')
          PsiElement(SEMICOLON)(';')
          FunctionCallExpression
            ReferenceExpression
              PsiElement(IDENTIFIER)('writeOutput')
            ArgumentList
              PsiElement(L_BRACKET)('(')
              Argument TRANSACTION
                PsiElement(IDENTIFIER)('TRANSACTION')
              PsiElement(R_BRACKET)(')')
          PsiElement(SEMICOLON)(';')
          ACTION
            PsiElement(ACTION_NAME)('TRANSACTION')
            Attribute
              PsiElement(IDENTIFIER)('action')
              PsiElement(ASSIGN)('=')
              PsiElement(DOUBLE_QUOTE)('"')
              AttributeValue
                PsiElement(STRING_TEXT)('begin')
              PsiElement(DOUBLE_QUOTE_CLOSER)('"')
            FUNCTIONBODY
              BLOCK_OF_STATEMENTS
                PsiElement(L_CURLYBRACKET)('{')
                PsiComment(COMMENT)('//   transaction code')
                PsiElement(R_CURLYBRACKET)('}')
          PsiElement(R_CURLYBRACKET)('}')
    PsiElement(LSLASH_ANGLEBRACKET)('</')
    PsiElement(CF_TAG_NAME)('cfscript')
    PsiElement(CLOSER)('>')