CfmlFile:attributesInFunctionDefinition.cfml
  COMPONENT_DEFINITION
    PsiElement(COMPONENT_KEYWORD)('component')
    PsiElement(L_CURLYBRACKET)('{')
    FunctionDefinition
      PsiElement(PUBLIC_KEYWORD)('public')
      TYPE
        PsiElement(IDENTIFIER)('MailingListServise')
      PsiElement(FUNCTION_KEYWORD)('function')
      PsiElement(IDENTIFIER)('init')
      ParametersList
        PsiElement(L_BRACKET)('(')
        PsiElement(R_BRACKET)(')')
      Attribute
        PsiElement(IDENTIFIER)('hit')
        PsiElement(ASSIGN)('=')
        PsiElement(DOUBLE_QUOTE)('"')
        AttributeValue
          PsiElement(STRING_TEXT)('inint')
        PsiElement(DOUBLE_QUOTE_CLOSER)('"')
      Attribute
        PsiElement(IDENTIFIER)('output')
        PsiElement(ASSIGN)('=')
        PsiElement(DOUBLE_QUOTE)('"')
        AttributeValue
          PsiElement(STRING_TEXT)('false')
        PsiElement(DOUBLE_QUOTE_CLOSER)('"')
      FUNCTIONBODY
        BLOCK_OF_STATEMENTS
          PsiElement(L_CURLYBRACKET)('{')
          PsiElement(RETURN_KEYWORD)('return')
          ReferenceExpression
            PsiElement(IDENTIFIER)('this')
          PsiElement(SEMICOLON)(';')
          PsiElement(R_CURLYBRACKET)('}')
    PsiElement(R_CURLYBRACKET)('}')