CfmlFile:braceStructure.cfml
  Tag
    PsiElement(OPENER)('<')
    PsiElement(CF_TAG_NAME)('cfset')
    Assignment
      ReferenceExpression
        PsiElement(IDENTIFIER)('a')
      PsiElement(ASSIGN)('=')
      BinaryExpression
        IntegerLiteral
          PsiElement(INTEGER)('1')
        PsiElement(MUL)('*')
        PsiElement(L_BRACKET)('(')
        BinaryExpression
          BinaryExpression
            PsiElement(L_BRACKET)('(')
            BinaryExpression
              IntegerLiteral
                PsiElement(INTEGER)('1')
              PsiElement(ADD)('+')
              IntegerLiteral
                PsiElement(INTEGER)('1')
            PsiElement(R_BRACKET)(')')
            PsiElement(MUL)('*')
            IntegerLiteral
              PsiElement(INTEGER)('1')
          PsiElement(ADD)('+')
          IntegerLiteral
            PsiElement(INTEGER)('1')
        PsiElement(R_BRACKET)(')')
    PsiElement(CLOSER)('>')