CfmlFile:consequentCaseLabels.cfml
  Tag
    PsiElement(OPENER)('<')
    PsiElement(CF_TAG_NAME)('cfscript')
    PsiElement(R_ANGLEBRACKET)('>')
    Assignment
      ReferenceExpression
        PsiElement(IDENTIFIER)('x')
      PsiElement(ASSIGN)('=')
      IntegerLiteral
        PsiElement(INTEGER)('1')
    PsiElement(SEMICOLON)(';')
    SWITCHEXPRESSION
      PsiElement(SWITCH_KEYWORD)('switch')
      PsiElement(L_BRACKET)('(')
      ReferenceExpression
        PsiElement(IDENTIFIER)('x')
      PsiElement(R_BRACKET)(')')
      PsiElement(L_CURLYBRACKET)('{')
      CASEEXPRESSION
        PsiElement(CASE_KEYWORD)('case')
        PsiElement(INTEGER)('1')
        PsiElement(DOTDOT)(':')
        PsiElement(BREAK_KEYWORD)('break')
        PsiElement(SEMICOLON)(';')
      CASEEXPRESSION
        PsiElement(CASE_KEYWORD)('case')
        PsiElement(INTEGER)('2')
        PsiElement(DOTDOT)(':')
      CASEEXPRESSION
        PsiElement(CASE_KEYWORD)('case')
        PsiElement(INTEGER)('3')
        PsiElement(DOTDOT)(':')
        PsiElement(BREAK_KEYWORD)('break')
        PsiElement(SEMICOLON)(';')
      PsiElement(R_CURLYBRACKET)('}')
    PsiElement(LSLASH_ANGLEBRACKET)('</')
    PsiElement(CF_TAG_NAME)('cfscript')
    PsiElement(CLOSER)('>')