CfmlFile:defaultAttribute.cfml
  COMPONENT_DEFINITION
    PsiElement(COMPONENT_KEYWORD)('component')
    PsiElement(L_CURLYBRACKET)('{')
    PROPERTY
      PsiElement(IDENTIFIER)('property')
      NamedAttribute
        PsiElement(IDENTIFIER)('name')
        PsiElement(ASSIGN)('=')
        PsiElement(SINGLE_QUOTE)(''')
        AttributeValue
          PsiElement(STRING_TEXT)('a')
        PsiElement(SINGLE_QUOTE_CLOSER)(''')
      Attribute
        PsiElement(IDENTIFIER)('type')
        PsiElement(ASSIGN)('=')
        PsiElement(SINGLE_QUOTE)(''')
        AttributeValue
          PsiElement(STRING_TEXT)('boolean')
        PsiElement(SINGLE_QUOTE_CLOSER)(''')
      Attribute
        PsiElement(DEFAULT_KEYWORD)('default')
        PsiElement(ASSIGN)('=')
        PsiElement(SINGLE_QUOTE)(''')
        AttributeValue
          PsiElement(STRING_TEXT)('false')
        PsiElement(SINGLE_QUOTE_CLOSER)(''')
    PsiElement(SEMICOLON)(';')
    PsiElement(R_CURLYBRACKET)('}')