CfmlFile:forInWithField.cfml
  COMPONENT_DEFINITION
    PsiElement(COMPONENT_KEYWORD)('component')
    PsiElement(L_CURLYBRACKET)('{')
    Assignment
      PsiElement(VAR_KEYWORD)('var')
      ReferenceExpression
        PsiElement(IDENTIFIER)('local')
      PsiElement(ASSIGN)('=')
      PsiElement(L_CURLYBRACKET)('{')
      PsiElement(R_CURLYBRACKET)('}')
    PsiElement(SEMICOLON)(';')
    Assignment
      ReferenceExpression
        PsiElement(SCOPE_KEYWORD)('local')
        PsiElement(POINT)('.')
        PsiElement(IDENTIFIER)('foo')
      PsiElement(ASSIGN)('=')
      PsiElement(L_SQUAREBRACKET)('[')
      PsiElement(R_SQUAREBRACKET)(']')
    PsiElement(SEMICOLON)(';')
    FOREXPRESSION
      PsiElement(FOR_KEYWORD)('for')
      PsiElement(L_BRACKET)('(')
      FORVARIABLE
        ReferenceExpression
          PsiElement(SCOPE_KEYWORD)('local')
          PsiElement(POINT)('.')
          PsiElement(IDENTIFIER)('item')
      PsiElement(IN_L)('in')
      ReferenceExpression
        PsiElement(SCOPE_KEYWORD)('local')
        PsiElement(POINT)('.')
        PsiElement(IDENTIFIER)('foo')
      PsiElement(R_BRACKET)(')')
      BLOCK_OF_STATEMENTS
        PsiElement(L_CURLYBRACKET)('{')
        PsiElement(R_CURLYBRACKET)('}')
    PsiElement(R_CURLYBRACKET)('}')
