CfmlFile:ifElseNestedExpression.cfml
  Tag
    PsiElement(OPENER)('<')
    PsiElement(CF_TAG_NAME)('cfscript')
    PsiElement(R_ANGLEBRACKET)('>')
    IFEXPRESSION
      PsiElement(IF_KEYWORD)('if')
      PsiElement(L_BRACKET)('(')
      IntegerLiteral
        PsiElement(INTEGER)('1')
      PsiElement(R_BRACKET)(')')
      IFEXPRESSION
        PsiElement(IF_KEYWORD)('if')
        PsiElement(L_BRACKET)('(')
        IntegerLiteral
          PsiElement(INTEGER)('1')
        PsiElement(R_BRACKET)(')')
        Assignment
          ReferenceExpression
            PsiElement(IDENTIFIER)('d')
          PsiElement(ASSIGN)('=')
          IntegerLiteral
            PsiElement(INTEGER)('1')
        PsiElement(SEMICOLON)(';')
        PsiElement(ELSE_KEYWORD)('else')
        Assignment
          ReferenceExpression
            PsiElement(IDENTIFIER)('d')
          PsiElement(ASSIGN)('=')
          IntegerLiteral
            PsiElement(INTEGER)('2')
        PsiElement(SEMICOLON)(';')
    PsiElement(LSLASH_ANGLEBRACKET)('</')
    PsiElement(CF_TAG_NAME)('cfscript')
    PsiElement(CLOSER)('>')