CfmlFile:implicitArrayOrStruct.cfml
  COMPONENT_DEFINITION
    PsiElement(COMPONENT_KEYWORD)('component')
    PsiElement(L_CURLYBRACKET)('{')
    FunctionDefinition
      PsiElement(FUNCTION_KEYWORD)('function')
      PsiElement(IDENTIFIER)('b')
      ParametersList
        PsiElement(L_BRACKET)('(')
        PsiElement(R_BRACKET)(')')
      FUNCTIONBODY
        BLOCK_OF_STATEMENTS
          PsiElement(L_CURLYBRACKET)('{')
          PsiElement(RETURN_KEYWORD)('return')
          PsiElement(L_CURLYBRACKET)('{')
          PsiElement(R_CURLYBRACKET)('}')
          PsiElement(SEMICOLON)(';')
          PsiElement(R_CURLYBRACKET)('}')
    FunctionDefinition
      PsiElement(FUNCTION_KEYWORD)('function')
      PsiElement(IDENTIFIER)('a')
      ParametersList
        PsiElement(L_BRACKET)('(')
        PsiElement(R_BRACKET)(')')
      FUNCTIONBODY
        BLOCK_OF_STATEMENTS
          PsiElement(L_CURLYBRACKET)('{')
          PsiElement(RETURN_KEYWORD)('return')
          PsiElement(L_SQUAREBRACKET)('[')
          PsiElement(R_SQUAREBRACKET)(']')
          PsiElement(SEMICOLON)(';')
          PsiElement(R_CURLYBRACKET)('}')
    PsiElement(R_CURLYBRACKET)('}')