CfmlFile:multipleStatementsInCase.cfml
  Tag
    PsiElement(OPENER)('<')
    PsiElement(CF_TAG_NAME)('cfscript')
    PsiElement(R_ANGLEBRACKET)('>')
    Assignment
      PsiElement(VAR_KEYWORD)('var')
      ReferenceExpression
        PsiElement(IDENTIFIER)('a')
      PsiElement(ASSIGN)('=')
      IntegerLiteral
        PsiElement(INTEGER)('0')
    PsiElement(SEMICOLON)(';')
    SWITCHEXPRESSION
      PsiElement(SWITCH_KEYWORD)('switch')
      PsiElement(L_BRACKET)('(')
      ReferenceExpression
        PsiElement(IDENTIFIER)('a')
      PsiElement(R_BRACKET)(')')
      PsiElement(L_CURLYBRACKET)('{')
      CASEEXPRESSION
        PsiElement(CASE_KEYWORD)('case')
        PsiElement(SINGLE_QUOTE)(''')
        PsiElement(STRING_TEXT)('A')
        PsiElement(SINGLE_QUOTE_CLOSER)(''')
        PsiElement(DOTDOT)(':')
      CASEEXPRESSION
        PsiElement(CASE_KEYWORD)('case')
        PsiElement(SINGLE_QUOTE)(''')
        PsiElement(STRING_TEXT)('B')
        PsiElement(SINGLE_QUOTE_CLOSER)(''')
        PsiElement(DOTDOT)(':')
        Assignment
          ReferenceExpression
            PsiElement(IDENTIFIER)('cmd')
          PsiElement(ASSIGN)('=')
          IntegerLiteral
            PsiElement(INTEGER)('0')
        PsiElement(SEMICOLON)(';')
        Assignment
          ReferenceExpression
            PsiElement(IDENTIFIER)('cmd')
          PsiElement(ASSIGN)('=')
          IntegerLiteral
            PsiElement(INTEGER)('1')
        PsiElement(SEMICOLON)(';')
        PsiElement(BREAK_KEYWORD)('break')
        PsiElement(SEMICOLON)(';')
      CASEEXPRESSION
        PsiElement(CASE_KEYWORD)('case')
        PsiElement(SINGLE_QUOTE)(''')
        PsiElement(STRING_TEXT)('C')
        PsiElement(SINGLE_QUOTE_CLOSER)(''')
        PsiElement(DOTDOT)(':')
        IFEXPRESSION
          PsiElement(IF_KEYWORD)('if')
          PsiElement(L_BRACKET)('(')
          BooleanLiteral
            PsiElement(BOOLEAN)('true')
          PsiElement(R_BRACKET)(')')
          Assignment
            ReferenceExpression
              PsiElement(IDENTIFIER)('cmd')
            PsiElement(ASSIGN)('=')
            IntegerLiteral
              PsiElement(INTEGER)('0')
          PsiElement(SEMICOLON)(';')
          PsiElement(ELSE_KEYWORD)('else')
          Assignment
            ReferenceExpression
              PsiElement(IDENTIFIER)('cmd')
            PsiElement(ASSIGN)('=')
            IntegerLiteral
              PsiElement(INTEGER)('1')
          PsiElement(SEMICOLON)(';')
        ReferenceExpression
          PsiElement(IDENTIFIER)('cmd')
        PsiElement(INC)('++')
        PsiElement(SEMICOLON)(';')
      CASEEXPRESSION
        PsiElement(DEFAULT_KEYWORD)('default')
        PsiElement(DOTDOT)(':')
        Assignment
          ReferenceExpression
            PsiElement(IDENTIFIER)('a')
          PsiElement(ASSIGN)('=')
          IntegerLiteral
            PsiElement(INTEGER)('0')
        PsiElement(SEMICOLON)(';')
      PsiElement(R_CURLYBRACKET)('}')
    Assignment
      ReferenceExpression
        PsiElement(IDENTIFIER)('a')
      PsiElement(ASSIGN)('=')
      IntegerLiteral
        PsiElement(INTEGER)('1')
    PsiElement(SEMICOLON)(';')
    PsiElement(LSLASH_ANGLEBRACKET)('</')
    PsiElement(CF_TAG_NAME)('cfscript')
    PsiElement(CLOSER)('>')