CfmlFile:structArrayAsReferenceExpression.cfml
  Tag
    PsiElement(OPENER)('<')
    PsiElement(CF_TAG_NAME)('cfscript')
    PsiElement(R_ANGLEBRACKET)('>')
    FunctionDefinition
      PsiElement(PUBLIC_KEYWORD)('public')
      TYPE
        PsiElement(STRING_TYPE)('string')
      PsiElement(FUNCTION_KEYWORD)('function')
      PsiElement(IDENTIFIER)('foo')
      ParametersList
        PsiElement(L_BRACKET)('(')
        FUNCTION_ARGUMENT
          TYPE
            PsiElement(STRING_TYPE)('string')
          PsiElement(IDENTIFIER)('some')
        PsiElement(R_BRACKET)(')')
      FUNCTIONBODY
        BLOCK_OF_STATEMENTS
          PsiElement(L_CURLYBRACKET)('{')
          Assignment
            PsiElement(VAR_KEYWORD)('var')
            ReferenceExpression
              PsiElement(ARRAY_TYPE)('array')
            PsiElement(ASSIGN)('=')
            PsiElement(L_SQUAREBRACKET)('[')
            PsiElement(R_SQUAREBRACKET)(']')
          PsiElement(SEMICOLON)(';')
          Assignment
            PsiElement(VAR_KEYWORD)('var')
            ReferenceExpression
              PsiElement(STRUCT_TYPE)('struct')
            PsiElement(ASSIGN)('=')
            PsiElement(L_CURLYBRACKET)('{')
            PsiElement(R_CURLYBRACKET)('}')
          PsiElement(SEMICOLON)(';')
          PsiElement(R_CURLYBRACKET)('}')
    PsiElement(LSLASH_ANGLEBRACKET)('</')
    PsiElement(CF_TAG_NAME)('cfscript')
    PsiElement(CLOSER)('>')