CfmlFile:switchExpression.cfml
  Tag
    PsiElement(OPENER)('<')
    PsiElement(CF_TAG_NAME)('cfscript')
    PsiElement(R_ANGLEBRACKET)('>')
    SWITCHEXPRESSION
      PsiElement(SWITCH_KEYWORD)('switch')
      PsiElement(L_BRACKET)('(')
      ReferenceExpression
        PsiElement(IDENTIFIER)('arg')
      PsiElement(R_BRACKET)(')')
      PsiElement(L_CURLYBRACKET)('{')
      CASEEXPRESSION
        PsiElement(CASE_KEYWORD)('case')
        PsiElement(SINGLE_QUOTE)(''')
        PsiElement(STRING_TEXT)('html')
        PsiElement(SINGLE_QUOTE_CLOSER)(''')
        PsiElement(DOTDOT)(':')
        FunctionCallExpression
          ReferenceExpression
            PsiElement(IDENTIFIER)('f')
          ArgumentList
            PsiElement(L_BRACKET)('(')
            PsiElement(R_BRACKET)(')')
        PsiElement(SEMICOLON)(';')
        PsiElement(BREAK_KEYWORD)('break')
        PsiElement(SEMICOLON)(';')
      CASEEXPRESSION
        PsiElement(CASE_KEYWORD)('case')
        PsiElement(SINGLE_QUOTE)(''')
        PsiElement(STRING_TEXT)('xml')
        PsiElement(SINGLE_QUOTE_CLOSER)(''')
        PsiElement(DOTDOT)(':')
        BLOCK_OF_STATEMENTS
          PsiElement(L_CURLYBRACKET)('{')
          FunctionCallExpression
            ReferenceExpression
              PsiElement(IDENTIFIER)('f')
            ArgumentList
              PsiElement(L_BRACKET)('(')
              PsiElement(R_BRACKET)(')')
          PsiElement(SEMICOLON)(';')
          FunctionCallExpression
            ReferenceExpression
              PsiElement(IDENTIFIER)('g')
            ArgumentList
              PsiElement(L_BRACKET)('(')
              PsiElement(R_BRACKET)(')')
          PsiElement(SEMICOLON)(';')
          PsiElement(BREAK_KEYWORD)('break')
          PsiElement(SEMICOLON)(';')
          PsiElement(R_CURLYBRACKET)('}')
      CASEEXPRESSION
        PsiElement(DEFAULT_KEYWORD)('default')
        PsiElement(DOTDOT)(':')
        FunctionCallExpression
          ReferenceExpression
            PsiElement(IDENTIFIER)('g')
          ArgumentList
            PsiElement(L_BRACKET)('(')
            PsiElement(R_BRACKET)(')')
        PsiElement(SEMICOLON)(';')
        PsiElement(BREAK_KEYWORD)('break')
        PsiElement(SEMICOLON)(';')
      PsiElement(R_CURLYBRACKET)('}')
    PsiElement(LSLASH_ANGLEBRACKET)('</')
    PsiElement(CF_TAG_NAME)('cfscript')
    PsiElement(CLOSER)('>')