OPENER ('<')
CF_TAG_NAME ('cfset')
WHITE_SPACE (' ')
IDENTIFIER ('news')
WHITE_SPACE (' ')
ASSIGN ('=')
WHITE_SPACE (' ')
IDENTIFIER ('queryNew')
L_BRACKET ('(')
DOUBLE_QUOTE ('"')
STRING_TEXT ('id,title')
DOUBLE_QUOTE_CLOSER ('"')
COMMA (',')
WHITE_SPACE (' ')
DOUBLE_QUOTE ('"')
STRING_TEXT ('integer,varchar')
DOUBLE_QUOTE_CLOSER ('"')
R_BRACKET (')')
CLOSER ('>')
WHITE_SPACE ('\n')
OPENER ('<')
CF_TAG_NAME ('cfset')
WHITE_SPACE (' ')
IDENTIFIER ('queryAddRow')
L_BRACKET ('(')
IDENTIFIER ('news')
R_BRACKET (')')
CLOSER ('>')
WHITE_SPACE ('\n')
OPENER ('<')
CF_TAG_NAME ('cfset')
WHITE_SPACE (' ')
IDENTIFIER ('querySetCell')
L_BRACKET ('(')
IDENTIFIER ('news')
COMMA (',')
WHITE_SPACE (' ')
DOUBLE_QUOTE ('"')
STRING_TEXT ('id')
DOUBLE_QUOTE_CLOSER ('"')
COMMA (',')
WHITE_SPACE (' ')
DOUBLE_QUOTE ('"')
STRING_TEXT ('1')
DOUBLE_QUOTE_CLOSER ('"')
R_BRACKET (')')
CLOSER ('>')
WHITE_SPACE ('\n')
OPENER ('<')
CF_TAG_NAME ('cfset')
WHITE_SPACE (' ')
IDENTIFIER ('querySetCell')
L_BRACKET ('(')
IDENTIFIER ('news')
COMMA (',')
WHITE_SPACE (' ')
DOUBLE_QUOTE ('"')
STRING_TEXT ('title')
DOUBLE_QUOTE_CLOSER ('"')
COMMA (',')
WHITE_SPACE (' ')
DOUBLE_QUOTE ('"')
STRING_TEXT ('Dewey defeats Truman')
DOUBLE_QUOTE_CLOSER ('"')
R_BRACKET (')')
CLOSER ('>')
WHITE_SPACE ('\n')
OPENER ('<')
CF_TAG_NAME ('cfset')
WHITE_SPACE (' ')
IDENTIFIER ('queryAddRow')
L_BRACKET ('(')
IDENTIFIER ('news')
R_BRACKET (')')
CLOSER ('>')
WHITE_SPACE ('\n')
OPENER ('<')
CF_TAG_NAME ('cfset')
WHITE_SPACE (' ')
IDENTIFIER ('querySetCell')
L_BRACKET ('(')
IDENTIFIER ('news')
COMMA (',')
WHITE_SPACE (' ')
DOUBLE_QUOTE ('"')
STRING_TEXT ('id')
DOUBLE_QUOTE_CLOSER ('"')
COMMA (',')
WHITE_SPACE (' ')
DOUBLE_QUOTE ('"')
STRING_TEXT ('2')
DOUBLE_QUOTE_CLOSER ('"')
R_BRACKET (')')
CLOSER ('>')
WHITE_SPACE ('\n')
OPENER ('<')
CF_TAG_NAME ('cfset')
WHITE_SPACE (' ')
IDENTIFIER ('querySetCell')
L_BRACKET ('(')
IDENTIFIER ('news')
COMMA (',')
WHITE_SPACE (' ')
DOUBLE_QUOTE ('"')
STRING_TEXT ('title')
DOUBLE_QUOTE_CLOSER ('"')
COMMA (',')
WHITE_SPACE (' ')
DOUBLE_QUOTE ('"')
STRING_TEXT ('Men walk on Moon')
DOUBLE_QUOTE_CLOSER ('"')
R_BRACKET (')')
CLOSER ('>')
WHITE_SPACE ('\n')
OPENER ('<')
CF_TAG_NAME ('cfset')
WHITE_SPACE (' ')
IDENTIFIER ('writeDump')
L_BRACKET ('(')
IDENTIFIER ('news')
R_BRACKET (')')
CLOSER ('>')
WHITE_SPACE ('\n\n')
OPENER ('<')
CF_TAG_NAME ('cfquery')
WHITE_SPACE (' ')
ATTRIBUTE ('datasource')
ASSIGN ('=')
DOUBLE_QUOTE ('"')
START_EXPRESSION ('#')
SCOPE_KEYWORD ('Application')
POINT ('.')
IDENTIFIER ('DNSdatasource')
END_EXPRESSION ('#')
DOUBLE_QUOTE_CLOSER ('"')
WHITE_SPACE (' ')
ATTRIBUTE ('username')
ASSIGN ('=')
DOUBLE_QUOTE ('"')
START_EXPRESSION ('#')
SCOPE_KEYWORD ('Application')
POINT ('.')
IDENTIFIER ('DSNuser')
END_EXPRESSION ('#')
DOUBLE_QUOTE_CLOSER ('"')
WHITE_SPACE (' ')
ATTRIBUTE ('password')
ASSIGN ('=')
DOUBLE_QUOTE ('"')
START_EXPRESSION ('#')
SCOPE_KEYWORD ('Application')
POINT ('.')
IDENTIFIER ('DSNpass')
END_EXPRESSION ('#')
DOUBLE_QUOTE_CLOSER ('"')
WHITE_SPACE (' ')
ATTRIBUTE ('name')
ASSIGN ('=')
DOUBLE_QUOTE ('"')
STRING_TEXT ('TEST')
DOUBLE_QUOTE_CLOSER ('"')
WHITE_SPACE (' ')
R_ANGLEBRACKET ('>')
CFML_TEMPLATE_TEXT ('\n    SELECT TOP 1\n        *\n')
COMMENT ('<!--- create a dummy query using queryNew --->')
CFML_TEMPLATE_TEXT ('\n    FROM\n        ')
OPENER ('<')
CF_TAG_NAME ('CFIF')
WHITE_SPACE (' ')
INTEGER ('1')
WHITE_SPACE (' ')
EQ_L ('EQ')
WHITE_SPACE (' ')
INTEGER ('1')
R_ANGLEBRACKET ('>')
CFML_TEMPLATE_TEXT ('\n  SB_INVOICE\n')
OPENER ('<')
CF_TAG_NAME ('CFELSE')
CLOSER ('>')
CFML_TEMPLATE_TEXT ('\n  SB_INVOICE_ITEM\n')
LSLASH_ANGLEBRACKET ('</')
CF_TAG_NAME ('CFIF')
CLOSER ('>')
CFML_TEMPLATE_TEXT ('\n  INNER JOIN SB_PATIENT_EPISODE\n  ON SB_INVOICE.SB_EPISODE_NUMBER = SB_PATIENT_EPISODE.SB_EPISODE_NUMBER\n  WHERE\n  SB_INVOICE_ID IS NOT NULL\n')
LSLASH_ANGLEBRACKET ('</')
CF_TAG_NAME ('cfquery')
CLOSER ('>')