CfmlFile:arrayDefInArgumentsList.cfml
  Tag
    PsiElement(OPENER)('<')
    PsiElement(CF_TAG_NAME)('cfset')
    FunctionCallExpression
      ReferenceExpression
        PsiElement(IDENTIFIER)('foo')
      ArgumentList
        PsiElement(L_BRACKET)('(')
        IntegerLiteral
          PsiElement(INTEGER)('0')
        PsiElement(COMMA)(',')
        PsiElement(L_SQUAREBRACKET)('[')
        PsiElement(L_CURLYBRACKET)('{')
        Assignment
          ReferenceExpression
            PsiElement(IDENTIFIER)('a')
          PsiElement(ASSIGN)('=')
          IntegerLiteral
            PsiElement(INTEGER)('1')
        PsiElement(COMMA)(',')
        Assignment
          ReferenceExpression
            PsiElement(IDENTIFIER)('b')
          PsiElement(ASSIGN)('=')
          IntegerLiteral
            PsiElement(INTEGER)('2')
        PsiElement(R_CURLYBRACKET)('}')
        PsiElement(COMMA)(',')
        PsiElement(L_CURLYBRACKET)('{')
        Assignment
          ReferenceExpression
            PsiElement(IDENTIFIER)('a')
          PsiElement(ASSIGN)('=')
          IntegerLiteral
            PsiElement(INTEGER)('2')
        PsiElement(COMMA)(',')
        Assignment
          ReferenceExpression
            PsiElement(IDENTIFIER)('b')
          PsiElement(ASSIGN)('=')
          IntegerLiteral
            PsiElement(INTEGER)('1')
        PsiElement(R_CURLYBRACKET)('}')
        PsiElement(R_SQUAREBRACKET)(']')
        PsiElement(R_BRACKET)(')')
    PsiElement(CLOSER)('>')