CfmlFile:createQueryInstance.cfml
  Tag
    PsiElement(OPENER)('<')
    PsiElement(CF_TAG_NAME)('cfscript')
    PsiElement(R_ANGLEBRACKET)('>')
    Assignment
      PsiElement(VAR_KEYWORD)('var')
      ReferenceExpression
        PsiElement(IDENTIFIER)('q')
      PsiElement(ASSIGN)('=')
      NewExpression
        PsiElement(IDENTIFIER)('new')
        COMPONENT_CONSTRUCTOR_CALL
          COMPONENT_REFERENCE
            PsiElement(IDENTIFIER)('Query')
          ArgumentList
            PsiElement(L_BRACKET)('(')
            Assignment
              Argument sql
                PsiElement(IDENTIFIER)('sql')
              PsiElement(ASSIGN)('=')
              ReferenceExpression
                PsiElement(IDENTIFIER)('sql')
            PsiElement(COMMA)(',')
            Assignment
              Argument datasource
                PsiElement(IDENTIFIER)('datasource')
              PsiElement(ASSIGN)('=')
              ReferenceExpression
                PsiElement(IDENTIFIER)('dsn')
            PsiElement(R_BRACKET)(')')
    PsiElement(SEMICOLON)(';')
    PsiElement(LSLASH_ANGLEBRACKET)('</')
    PsiElement(CF_TAG_NAME)('cfscript')
    PsiElement(CLOSER)('>')