CfmlFile:iquotesInSharps.cfml
  Tag
    PsiElement(OPENER)('<')
    PsiElement(CF_TAG_NAME)('cfset')
    PsiElement(DOUBLE_QUOTE)('"')
    ReferenceExpression
      PsiElement(OPENSHARP)('#')
      StringLiteral
        PsiElement(DOUBLE_QUOTE)('"')
        PsiElement(DOUBLE_QUOTE_CLOSER)('"')
      PsiElement(CLOSESHARP)('#')
    PsiElement(DOUBLE_QUOTE_CLOSER)('"')
    PsiErrorElement:Not a statement
      <empty list>
    PsiElement(CLOSER)('>')