CfmlFile:unclosedCfset.cfml
  Tag
    PsiElement(OPENER)('<')
    PsiElement(CF_TAG_NAME)('cftag')
    PsiElement(R_ANGLEBRACKET)('>')
    Tag
      PsiElement(OPENER)('<')
      PsiElement(CF_TAG_NAME)('cfset')
      PsiErrorElement:Tag is not done
        <empty list>
    PsiElement(LSLASH_ANGLEBRACKET)('</')
    PsiElement(CF_TAG_NAME)('cftag')
    PsiElement(CLOSER)('>')