CfmlFile:unquotedConstantAsAttributeValue.cfml
  Tag
    PsiElement(OPENER)('<')
    PsiElement(CF_TAG_NAME)('cffunction')
    AttributeName
      PsiElement(ATTRIBUTE)('name')
      PsiElement(ASSIGN)('=')
      PsiElement(DOUBLE_QUOTE)('"')
      AttributeValue
        PsiElement(STRING_TEXT)('f2')
      PsiElement(DOUBLE_QUOTE_CLOSER)('"')
    Attribute
      PsiElement(ATTRIBUTE)('output')
      PsiElement(ASSIGN)('=')
      BooleanLiteral
        PsiElement(BOOLEAN)('false')
    Attribute
      PsiElement(ATTRIBUTE)('returntype')
      PsiElement(ASSIGN)('=')
      PsiElement(DOUBLE_QUOTE)('"')
      AttributeValue
        PsiElement(STRING_TEXT)('void')
      PsiElement(DOUBLE_QUOTE_CLOSER)('"')
    Attribute
      PsiElement(ATTRIBUTE)('access')
      PsiElement(ASSIGN)('=')
      PsiElement(DOUBLE_QUOTE)('"')
      AttributeValue
        PsiElement(STRING_TEXT)('public')
      PsiElement(DOUBLE_QUOTE_CLOSER)('"')
    PsiElement(R_ANGLEBRACKET)('>')
    Tag
      PsiElement(OPENER)('<')
      PsiElement(CF_TAG_NAME)('cfargument')
      AttributeName
        PsiElement(ATTRIBUTE)('name')
        PsiElement(ASSIGN)('=')
        ReferenceExpression
          ReferenceExpression
            PsiElement(IDENTIFIER)('some')
          PsiElement(POINT)('.')
          PsiElement(IDENTIFIER)('some')
      PsiElement(CLOSER)('>')
    PsiElement(LSLASH_ANGLEBRACKET)('</')
    PsiElement(CF_TAG_NAME)('cffunction')
    PsiElement(CLOSER)('>')