CfmlFile:elvis_cf11.cfml
  COMPONENT_DEFINITION
    PsiElement(COMPONENT_KEYWORD)('component')
    PsiElement(L_CURLYBRACKET)('{')
    Assignment
      PsiElement(VAR_KEYWORD)('var')
      ReferenceExpression
        PsiElement(IDENTIFIER)('securityStruct')
      PsiElement(ASSIGN)('=')
      PsiElement(L_CURLYBRACKET)('{')
      PsiElement(R_CURLYBRACKET)('}')
    PsiElement(SEMICOLON)(';')
    Assignment
      ReferenceExpression
        PsiElement(IDENTIFIER)('securityNumber')
      PsiElement(ASSIGN)('=')
      BinaryExpression
        None
          ReferenceExpression
            PsiElement(IDENTIFIER)('securityStruct')
          PsiElement(L_SQUAREBRACKET)('[')
          StringLiteral
            PsiElement(DOUBLE_QUOTE)('"')
            PsiElement(STRING_TEXT)('Joe')
            PsiElement(DOUBLE_QUOTE_CLOSER)('"')
          PsiElement(R_SQUAREBRACKET)(']')
        PsiElement(ELVIS)('?:')
        UnaryExpression
          PsiElement(MINUS)('-')
          IntegerLiteral
            PsiElement(INTEGER)('1')
    PsiElement(SEMICOLON)(';')
    PsiElement(R_CURLYBRACKET)('}')