CfmlFile:struct_cf10.cfml
  COMPONENT_DEFINITION
    PsiElement(COMPONENT_KEYWORD)('component')
    PsiElement(L_CURLYBRACKET)('{')
    Assignment
      PsiElement(VAR_KEYWORD)('var')
      ReferenceExpression
        PsiElement(IDENTIFIER)('test')
      PsiElement(ASSIGN)('=')
      PsiElement(L_CURLYBRACKET)('{')
      Assignment
        PsiElement(DOUBLE_QUOTE)('"')
        PsiElement(STRING_TEXT)('id')
        PsiElement(DOUBLE_QUOTE_CLOSER)('"')
        PsiElement(DOTDOT)(':')
        IntegerLiteral
          PsiElement(INTEGER)('1')
      PsiElement(COMMA)(',')
      Assignment
        PsiElement(DOUBLE_QUOTE)('"')
        PsiElement(STRING_TEXT)('insert')
        PsiElement(DOUBLE_QUOTE_CLOSER)('"')
        PsiElement(DOTDOT)(':')
        BooleanLiteral
          PsiElement(BOOLEAN)('true')
      PsiElement(R_CURLYBRACKET)('}')
    PsiElement(SEMICOLON)(';')
    PsiElement(R_CURLYBRACKET)('}')
