CfmlFile:ternaryOperator.cfml
  Tag
    PsiElement(OPENER)('<')
    PsiElement(CF_TAG_NAME)('cfset')
    Assignment
      ReferenceExpression
        PsiElement(IDENTIFIER)('currentStep')
      PsiElement(ASSIGN)('=')
      TernaryExpression
        FunctionCallExpression
          ReferenceExpression
            PsiElement(IDENTIFIER)('find')
          ArgumentList
            PsiElement(L_BRACKET)('(')
            StringLiteral
              PsiElement(SINGLE_QUOTE)(''')
              PsiElement(STRING_TEXT)('extra.cfm')
              PsiElement(SINGLE_QUOTE_CLOSER)(''')
            PsiElement(COMMA)(',')
            ReferenceExpression
              PsiElement(SCOPE_KEYWORD)('cgi')
              PsiElement(POINT)('.')
              PsiElement(IDENTIFIER)('CF_TEMPLATE_PATH')
            PsiElement(R_BRACKET)(')')
        PsiElement(QUESTION)('?')
        BinaryExpression
          IntegerLiteral
            PsiElement(INTEGER)('2')
          PsiElement(ADD)('+')
          IntegerLiteral
            PsiElement(INTEGER)('1')
        PsiElement(DOTDOT)(':')
        TernaryExpression
          BooleanLiteral
            PsiElement(BOOLEAN)('true')
          PsiElement(QUESTION)('?')
          IntegerLiteral
            PsiElement(INTEGER)('1')
          PsiElement(DOTDOT)(':')
          IntegerLiteral
            PsiElement(INTEGER)('0')
    PsiElement(CLOSER)('/>')