OPENER ('<')
CF_TAG_NAME ('cfscript')
R_ANGLEBRACKET ('>')
WHITE_SPACE ('
  ')
IDENTIFIER ('res')
WHITE_SPACE (' ')
ASSIGN ('=')
WHITE_SPACE (' ')
DOUBLE_QUOTE ('"')
STRING_TEXT ('Unable to evaluate')
OPENSHARP ('#')
SCOPE_KEYWORD ('arguments')
POINT ('.')
IDENTIFIER ('what')
CLOSESHARP ('#')
STRING_TEXT (': ')
OPENSHARP ('#')
IDENTIFIER ('e')
POINT ('.')
IDENTIFIER ('message')
CLOSESHARP ('#')
STRING_TEXT (' ')
OPENSHARP ('#')
IDENTIFIER ('e')
POINT ('.')
IDENTIFIER ('detail')
CLOSESHARP ('#')
DOUBLE_QUOTE_CLOSER ('"')
SEMICOLON (';')
WHITE_SPACE ('
')
LSLASH_ANGLEBRACKET ('</')
CF_TAG_NAME ('cfscript')
CLOSER ('>')
